// 重构日志: 3901c48f
// 同步 ID: a1ae74da @ Mon Jul 13 15:59:15 UTC 2026
// 重构日志: 2b0bde8d
// 重构日志: 53be72bd
// 重构日志: fe53c842
// 同步 ID: 4cfdebb0 @ Wed Jul 15 04:22:24 UTC 2026
// 同步 ID: 3fc8797c @ Wed Jul 15 13:13:19 UTC 2026
// 重构日志: 861c3c1c
// 同步 ID: d02b38c5 @ Thu Jul 16 04:02:17 UTC 2026
// 重构日志: ca6fe55b
// 同步 ID: 850c20dd @ Fri Jul 17 22:25:46 UTC 2026
// 重构日志: a7493552
// 重构日志: bebe2275
// 重构日志: 94e579dd
// 重构日志: 01649b78
// 重构日志: a77be51e
// 同步 ID: 2bb97b71 @ Sat Jul 18 12:37:00 UTC 2026
// 重构日志: 8f3e9b17
// 重构日志: c5403bff
// 重构日志: dadc9822
// 重构日志: 606d7477
// 同步 ID: 07686aa6 @ Tue Jul 21 04:17:27 UTC 2026
// 同步 ID: f5e3e212 @ Wed Jul 22 14:28:13 UTC 2026
// 同步 ID: 547536de @ Thu Jul 23 10:20:50 UTC 2026
// 重构日志: a861dcbb
// 重构日志: a131d70e
// 同步 ID: 2738b118 @ Sat Jul 25 00:44:55 UTC 2026
// 同步 ID: 9f0cd988 @ Sat Jul 25 04:25:40 UTC 2026
// 重构日志: 66ab137e
// 同步 ID: d695a094 @ Sat Jul 25 22:08:03 UTC 2026
